../Core/Src/main.c:88:5:main	24	static
../Core/Src/main.c:192:6:SystemClock_Config	88	static
../Core/Src/main.c:238:13:MX_I2C1_Init	8	static
../Core/Src/main.c:272:13:MX_I2S3_Init	8	static
../Core/Src/main.c:306:13:MX_SPI1_Init	8	static
../Core/Src/main.c:344:13:MX_USART2_UART_Init	8	static
../Core/Src/main.c:375:13:MX_DMA_Init	16	static
../Core/Src/main.c:393:13:MX_GPIO_Init	56	static
../Core/Src/main.c:489:1:HAL_GPIO_EXTI_Callback	16	static
../Core/Src/main.c:556:6:HAL_UART_RxCpltCallback	16	static
../Core/Src/main.c:581:6:Error_Handler	4	static,ignoring_inline_asm
