../Core/Src/main.c:81:6:Set_Pin_Output	40	static
../Core/Src/main.c:90:6:Set_Pin_Input	40	static
../Core/Src/main.c:105:6:DHT22_Start	8	static
../Core/Src/main.c:117:9:DHT22_Check_Response	16	static
../Core/Src/main.c:134:9:DHT22_Read	16	static
../Core/Src/main.c:159:5:main	8	static
../Core/Src/main.c:233:6:SystemClock_Config	88	static
../Core/Src/main.c:279:13:MX_I2C1_Init	8	static
../Core/Src/main.c:313:13:MX_I2S3_Init	8	static
../Core/Src/main.c:347:13:MX_SPI1_Init	8	static
../Core/Src/main.c:385:13:MX_USART2_UART_Init	8	static
../Core/Src/main.c:416:13:MX_DMA_Init	16	static
../Core/Src/main.c:434:13:MX_GPIO_Init	56	static
../Core/Src/main.c:533:6:Error_Handler	4	static,ignoring_inline_asm
